// Jest Snapshot v1, https://goo.gl/fbAQLP

exports[`Test ModalTask Component Default Model Task rendering 1`] = `
<Modal
  animationType="slide"
  hardwareAccelerated={false}
  transparent={true}
  visible={true}
>
  <View
    accessibilityState={
      {
        "busy": undefined,
        "checked": undefined,
        "disabled": undefined,
        "expanded": undefined,
        "selected": undefined,
      }
    }
    accessibilityValue={
      {
        "max": undefined,
        "min": undefined,
        "now": undefined,
        "text": undefined,
      }
    }
    accessible={true}
    collapsable={false}
    focusable={true}
    onClick={[Function]}
    onResponderGrant={[Function]}
    onResponderMove={[Function]}
    onResponderRelease={[Function]}
    onResponderTerminate={[Function]}
    onResponderTerminationRequest={[Function]}
    onStartShouldSetResponder={[Function]}
    style={
      {
        "alignItems": "center",
        "backgroundColor": "#0000000f",
        "flex": 1,
        "justifyContent": "center",
        "opacity": 1,
      }
    }
  >
    <View
      style={
        {
          "alignItems": "center",
          "backgroundColor": "#ffffff",
          "borderRadius": 11,
          "height": "50%",
          "padding": 16,
          "width": "80%",
        }
      }
    >
      <TextInput
        onChangeText={[Function]}
        placeholder="Enter Todo"
        style={
          {
            "alignSelf": "center",
            "borderColor": "#d6d6d6",
            "borderRadius": 7,
            "borderWidth": 1,
            "paddingHorizontal": 11,
            "width": "100%",
          }
        }
        testID="Task_input"
        value=""
      />
      <RCTScrollView
        data={
          [
            {
              "color": "red",
              "type": "Urgent",
            },
            {
              "color": "green",
              "type": "Importnat",
            },
            {
              "color": "blue",
              "type": "Upcoming",
            },
          ]
        }
        getItem={[Function]}
        getItemCount={[Function]}
        horizontal={true}
        keyExtractor={[Function]}
        onContentSizeChange={[Function]}
        onLayout={[Function]}
        onMomentumScrollBegin={[Function]}
        onMomentumScrollEnd={[Function]}
        onScroll={[Function]}
        onScrollBeginDrag={[Function]}
        onScrollEndDrag={[Function]}
        removeClippedSubviews={false}
        renderItem={[Function]}
        scrollEventThrottle={0.0001}
        stickyHeaderIndices={[]}
        viewabilityConfigCallbackPairs={[]}
      >
        <View>
          <View
            onFocusCapture={[Function]}
            onLayout={[Function]}
            style={
              [
                {
                  "flexDirection": "row",
                },
                null,
              ]
            }
          >
            <View
              accessibilityState={
                {
                  "busy": undefined,
                  "checked": undefined,
                  "disabled": undefined,
                  "expanded": undefined,
                  "selected": undefined,
                }
              }
              accessibilityValue={
                {
                  "max": undefined,
                  "min": undefined,
                  "now": undefined,
                  "text": undefined,
                }
              }
              accessible={true}
              collapsable={false}
              focusable={true}
              onClick={[Function]}
              onResponderGrant={[Function]}
              onResponderMove={[Function]}
              onResponderRelease={[Function]}
              onResponderTerminate={[Function]}
              onResponderTerminationRequest={[Function]}
              onStartShouldSetResponder={[Function]}
              style={
                {
                  "alignItems": "center",
                  "backgroundColor": "transparent",
                  "borderRadius": 14,
                  "flexDirection": "row",
                  "height": "15%",
                  "marginHorizontal": 4,
                  "marginTop": 16,
                  "opacity": 1,
                  "paddingHorizontal": 4,
                }
              }
            >
              <View
                style={
                  {
                    "backgroundColor": "red",
                    "borderRadius": 20,
                    "height": 16,
                    "width": 16,
                  }
                }
              />
              <Text
                style={
                  {
                    "color": "#000000",
                    "paddingHorizontal": 3,
                  }
                }
              >
                Urgent
              </Text>
            </View>
          </View>
          <View
            onFocusCapture={[Function]}
            onLayout={[Function]}
            style={
              [
                {
                  "flexDirection": "row",
                },
                null,
              ]
            }
          >
            <View
              accessibilityState={
                {
                  "busy": undefined,
                  "checked": undefined,
                  "disabled": undefined,
                  "expanded": undefined,
                  "selected": undefined,
                }
              }
              accessibilityValue={
                {
                  "max": undefined,
                  "min": undefined,
                  "now": undefined,
                  "text": undefined,
                }
              }
              accessible={true}
              collapsable={false}
              focusable={true}
              onClick={[Function]}
              onResponderGrant={[Function]}
              onResponderMove={[Function]}
              onResponderRelease={[Function]}
              onResponderTerminate={[Function]}
              onResponderTerminationRequest={[Function]}
              onStartShouldSetResponder={[Function]}
              style={
                {
                  "alignItems": "center",
                  "backgroundColor": "transparent",
                  "borderRadius": 14,
                  "flexDirection": "row",
                  "height": "15%",
                  "marginHorizontal": 4,
                  "marginTop": 16,
                  "opacity": 1,
                  "paddingHorizontal": 4,
                }
              }
            >
              <View
                style={
                  {
                    "backgroundColor": "green",
                    "borderRadius": 20,
                    "height": 16,
                    "width": 16,
                  }
                }
              />
              <Text
                style={
                  {
                    "color": "#000000",
                    "paddingHorizontal": 3,
                  }
                }
              >
                Importnat
              </Text>
            </View>
          </View>
          <View
            onFocusCapture={[Function]}
            onLayout={[Function]}
            style={
              [
                {
                  "flexDirection": "row",
                },
                null,
              ]
            }
          >
            <View
              accessibilityState={
                {
                  "busy": undefined,
                  "checked": undefined,
                  "disabled": undefined,
                  "expanded": undefined,
                  "selected": undefined,
                }
              }
              accessibilityValue={
                {
                  "max": undefined,
                  "min": undefined,
                  "now": undefined,
                  "text": undefined,
                }
              }
              accessible={true}
              collapsable={false}
              focusable={true}
              onClick={[Function]}
              onResponderGrant={[Function]}
              onResponderMove={[Function]}
              onResponderRelease={[Function]}
              onResponderTerminate={[Function]}
              onResponderTerminationRequest={[Function]}
              onStartShouldSetResponder={[Function]}
              style={
                {
                  "alignItems": "center",
                  "backgroundColor": "transparent",
                  "borderRadius": 14,
                  "flexDirection": "row",
                  "height": "15%",
                  "marginHorizontal": 4,
                  "marginTop": 16,
                  "opacity": 1,
                  "paddingHorizontal": 4,
                }
              }
            >
              <View
                style={
                  {
                    "backgroundColor": "blue",
                    "borderRadius": 20,
                    "height": 16,
                    "width": 16,
                  }
                }
              />
              <Text
                style={
                  {
                    "color": "#000000",
                    "paddingHorizontal": 3,
                  }
                }
              >
                Upcoming
              </Text>
            </View>
          </View>
        </View>
      </RCTScrollView>
      <View
        accessibilityState={
          {
            "busy": undefined,
            "checked": undefined,
            "disabled": undefined,
            "expanded": undefined,
            "selected": undefined,
          }
        }
        accessibilityValue={
          {
            "max": undefined,
            "min": undefined,
            "now": undefined,
            "text": undefined,
          }
        }
        accessible={true}
        collapsable={false}
        focusable={true}
        onClick={[Function]}
        onResponderGrant={[Function]}
        onResponderMove={[Function]}
        onResponderRelease={[Function]}
        onResponderTerminate={[Function]}
        onResponderTerminationRequest={[Function]}
        onStartShouldSetResponder={[Function]}
        style={
          {
            "alignItems": "center",
            "alignSelf": "center",
            "backgroundColor": "#e6e6",
            "borderRadius": 10,
            "marginVertical": 16,
            "opacity": 1,
            "paddingVertical": 11,
            "width": 70,
          }
        }
        testID="add_btn"
      >
        <Text
          style={
            {
              "color": "#ffffff",
              "fontSize": 15,
              "fontWeight": "500",
            }
          }
        >
          Add
        </Text>
      </View>
      <Text
        testID="Invalid_text_task"
      />
    </View>
  </View>
</Modal>
`;
